[subnettingpractice.com/vlsm.html]
[backblue.gif]
[fade.gif]
[index.html]
[subnettingpractice.com/header_footer.css]
[subnettingpractice.com/index.html]
[subnettingpractice.com/ipv6.html]
[subnettingpractice.com/subnets.html]
[subnettingpractice.com/ipv6_subnetting.html]
[subnettingpractice.com/binary.html]
[subnettingpractice.com/calc.html]
[pagead2.googlesyndication.com/pagead/js/f.txt]
[subnettingpractice.com/howto.html]
[subnettingpractice.com/howtoipv6.html]
[subnettingpractice.com/cheatsheet.html]
[subnettingpractice.com/binary_calc.html]
[subnettingpractice.com/ethernet_wiring.html]
[subnettingpractice.com/ipv6_is_huge.html]
[subnettingpractice.com/twos.html]
[subnettingpractice.com/sixteens.html]
[subnettingpractice.com/osi_layer.html]
[subnettingpractice.com/headers.html]
[subnettingpractice.com/ip_allocation.html]
[subnettingpractice.com/ccna_commands.html]
[subnettingpractice.com/certs.html]
[subnettingpractice.com/ccna_salary.html]
[subnettingpractice.com/ccna_resources.html]
[subnettingpractice.com/jncia_ccna.html]
[subnettingpractice.com/images/facebook.png]
[subnettingpractice.com/contact.html]
[subnettingpractice.com/images/linkedin.png]
[subnettingpractice.com/images/twitter.png]
[subnettingpractice.com/vlsm.js]
[www.google-analytics.com/analytics.js]
[subnettingpractice.com/vlsm.html]
[subnettingpractice.com/header_footer.css]
[subnettingpractice.com/index.html]
[subnettingpractice.com/why.html]
[subnettingpractice.com/main.js]
[subnettingpractice.com/images/reddit.png]
[subnettingpractice.com/ipv6.html]
[subnettingpractice.com/index-2.html]
[subnettingpractice.com/ipv6.js]
[subnettingpractice.com/subnets.html]
[subnettingpractice.com/subnets.js]
[subnettingpractice.com/jsbn.js]
[subnettingpractice.com/jsbn2.js]
[subnettingpractice.com/ipv6_subnetting.html]
[subnettingpractice.com/ipv6_subnetting.js]
[subnettingpractice.com/binary.html]
[subnettingpractice.com/binary.js]
[subnettingpractice.com/calc.html]
[subnettingpractice.com/howto.html]
[subnettingpractice.com/howtoipv6.html]
[subnettingpractice.com/calc.js]
[subnettingpractice.com/images/IPv4_cheat_sheet.png]
[subnettingpractice.com/images/ipv6_cheat_sheet.png]
[subnettingpractice.com/images/OSI_layer_cheat_sheet.png]
[subnettingpractice.com/cheatsheet.html]
[subnettingpractice.com/binary_calc.js]
[subnettingpractice.com/binary_calc.html]
[subnettingpractice.com/ethernet_wiring.min.js]
[subnettingpractice.com/ethernet_wiring.html]
[subnettingpractice.com/huge.js]
[subnettingpractice.com/ipv6_is_huge.html]
[subnettingpractice.com/twos.js]
[subnettingpractice.com/twos.html]
[subnettingpractice.com/sixteens.js]
[subnettingpractice.com/sixteens.html]
[subnettingpractice.com/osi_layer.mini.js]
[subnettingpractice.com/osi_layer.html]
[subnettingpractice.com/IPv4_to_IPv6_header.png]
[subnettingpractice.com/ip_header.html]
[subnettingpractice.com/headers.html]
[subnettingpractice.com/headers.js]
[subnettingpractice.com/images/rir-map.png]
[subnettingpractice.com/images/ipv4_allocation.png]
[subnettingpractice.com/images/ipv6_reserved.png]
[subnettingpractice.com/images/ipv6_distribution.png]
[subnettingpractice.com/images/meaningless.png]
[subnettingpractice.com/ip_allocation.html]
[subnettingpractice.com/ccna_commands.html]
[subnettingpractice.com/certs.html]
[subnettingpractice.com/images/ccna_salary_by_state.png]
[subnettingpractice.com/images/ccna_salary_by_city.png]
[subnettingpractice.com/ccna_salary.html]
[wms-na.amazon-adsystem.com/20070822/US/js/link-enhancer-common0d3b.js]
[wms-na.amazon-adsystem.com/20070822/US/img/noscript0d3b.gif]
[subnettingpractice.com/ccna_resources.html]
[subnettingpractice.com/jncia_ccna.html]
[subnettingpractice.com/cdn-cgi/l/email-protection.html]
[subnettingpractice.com/contact.html]
[subnettingpractice.com/vlsm.js]
[subnettingpractice.com/index-2.html]
[subnettingpractice.com/why.html]
[subnettingpractice.com/router_on_stick.html]
[subnettingpractice.com/images/workstation.png]
[subnettingpractice.com/images/switch.png]
[subnettingpractice.com/What is the subnet mask for a/index.html]
[subnettingpractice.com/images/router.png]
[subnettingpractice.com/main.js]
[subnettingpractice.com/ipv6.js]
[subnettingpractice.com/subnets.js]
[subnettingpractice.com/jsbn.js]
[subnettingpractice.com/jsbn2.js]
[subnettingpractice.com/ipv6_subnetting.js]
[subnettingpractice.com/binary.js]
[subnettingpractice.com/calc.js]
[subnettingpractice.com/binary_calc.js]
[subnettingpractice.com/images/ethernet_wiring.png]
[subnettingpractice.com/ethernet_wiring.min.js]
[subnettingpractice.com/huge.js]
[subnettingpractice.com/twos.js]
[subnettingpractice.com/sixteens.js]
[subnettingpractice.com/osi_layer.mini.js]
[subnettingpractice.com/IPv4_to_IPv6_header.html]
[subnettingpractice.com/ip_header.html]
[subnettingpractice.com/headers.js]
[subnettingpractice.com/cdn-cgi/l/email-protection.html]
[subnettingpractice.com/What is the subnet mask for a/header_footer.css]
[subnettingpractice.com/What is the subnet mask for a/index-2.html]
[subnettingpractice.com/What is the subnet mask for a/ipv6.html]
[subnettingpractice.com/What is the subnet mask for a/subnets.html]
[subnettingpractice.com/What is the subnet mask for a/ipv6_subnetting.html]
[subnettingpractice.com/What is the subnet mask for a/binary.html]
[subnettingpractice.com/What is the subnet mask for a/calc.html]
[subnettingpractice.com/What is the subnet mask for a/vlsm.html]
[subnettingpractice.com/What is the subnet mask for a/ccna_salary.html]
[subnettingpractice.com/What is the subnet mask for a/why.html]
[subnettingpractice.com/What is the subnet mask for a/howto.html]
[subnettingpractice.com/What is the subnet mask for a/howtoipv6.html]
[subnettingpractice.com/What is the subnet mask for a/cheatsheet.html]
[subnettingpractice.com/What is the subnet mask for a/binary_calc.html]
[subnettingpractice.com/What is the subnet mask for a/ethernet_wiring.html]
[subnettingpractice.com/What is the subnet mask for a/ipv6_is_huge.html]
[subnettingpractice.com/What is the subnet mask for a/twos.html]
[subnettingpractice.com/What is the subnet mask for a/sixteens.html]
[subnettingpractice.com/What is the subnet mask for a/osi_layer.html]
[subnettingpractice.com/What is the subnet mask for a/headers.html]
[subnettingpractice.com/What is the subnet mask for a/ip_allocation.html]
[subnettingpractice.com/What is the subnet mask for a/ccna_commands.html]
[subnettingpractice.com/What is the subnet mask for a/certs.html]
[subnettingpractice.com/What is the subnet mask for a/ccna_resources.html]
[subnettingpractice.com/What is the subnet mask for a/jncia_ccna.html]
[subnettingpractice.com/What is the subnet mask for a/contact.html]
[subnettingpractice.com/What is the subnet mask for a/images/facebook.png]
[subnettingpractice.com/What is the subnet mask for a/images/linkedin.png]
[subnettingpractice.com/What is the subnet mask for a/images/twitter.png]
[subnettingpractice.com/What is the subnet mask for a/main.js]
[subnettingpractice.com/What is the subnet mask for a/index.html]
[subnettingpractice.com/images/router_on_stick.png]
[subnettingpractice.com/router_on_stick.html]
[subnettingpractice.com/What is the subnet mask for a/header_footer.html]
[subnettingpractice.com/What is the subnet mask for a/index-2.html]
[subnettingpractice.com/What is the subnet mask for a/ipv6.html]
[subnettingpractice.com/What is the subnet mask for a/subnets.html]
[subnettingpractice.com/What is the subnet mask for a/ipv6_subnetting.html]
[subnettingpractice.com/What is the subnet mask for a/binary.html]
[subnettingpractice.com/What is the subnet mask for a/calc.html]
[subnettingpractice.com/What is the subnet mask for a/vlsm.html]
[subnettingpractice.com/What is the subnet mask for a/ccna_salary.html]
[subnettingpractice.com/What is the subnet mask for a/why.html]
[subnettingpractice.com/What is the subnet mask for a/howto.html]
[subnettingpractice.com/What is the subnet mask for a/howtoipv6.html]
[subnettingpractice.com/What is the subnet mask for a/cheatsheet.html]
[subnettingpractice.com/What is the subnet mask for a/binary_calc.html]
[subnettingpractice.com/What is the subnet mask for a/ethernet_wiring.html]
[subnettingpractice.com/What is the subnet mask for a/ipv6_is_huge.html]
[subnettingpractice.com/What is the subnet mask for a/twos.html]
[subnettingpractice.com/What is the subnet mask for a/sixteens.html]
[subnettingpractice.com/What is the subnet mask for a/osi_layer.html]
[subnettingpractice.com/What is the subnet mask for a/headers.html]
[subnettingpractice.com/What is the subnet mask for a/ip_allocation.html]
[subnettingpractice.com/What is the subnet mask for a/ccna_commands.html]
[subnettingpractice.com/What is the subnet mask for a/certs.html]
[subnettingpractice.com/What is the subnet mask for a/ccna_resources.html]
[subnettingpractice.com/What is the subnet mask for a/jncia_ccna.html]
[subnettingpractice.com/What is the subnet mask for a/contact.html]
[subnettingpractice.com/What is the subnet mask for a/images/facebook.html]
[subnettingpractice.com/What is the subnet mask for a/images/linkedin.html]
[subnettingpractice.com/What is the subnet mask for a/images/twitter.html]
[subnettingpractice.com/What is the subnet mask for a/main.html]
